// Jest Snapshot v1, https://goo.gl/fbAQLP

exports[`src > components > WeatherForm renders without crashing 1`] = `
<Provider
  store={
    Object {
      "clearActions": [Function],
      "dispatch": [MockFunction],
      "getActions": [Function],
      "getState": [Function],
      "replaceReducer": [Function],
      "subscribe": [Function],
    }
  }
>
  <WeatherFrom
    name="test-form"
  >
    <div>
      <form
        className="weather-form"
      >
        <label
          className="weather-form__label"
          htmlFor="test-form"
        >
          Please enter a city
        </label>
        <input
          className="weather-form__input"
          id="test-form"
          onChange={[Function]}
          type="text"
        />
        <button
          className="weather-form__submit"
          onClick={[Function]}
        >
          Have a look
        </button>
      </form>
    </div>
  </WeatherFrom>
</Provider>
`;
