// Jest Snapshot v1, https://goo.gl/fbAQLP

exports[`renders without crashing 1`] = `
<Provider
  store={
    Object {
      "dispatch": [Function],
      "getState": [Function],
      "replaceReducer": [Function],
      "subscribe": [Function],
      Symbol(observable): [Function],
    }
  }
>
  <App>
    <div
      className="App"
    >
      <img
        alt="background"
        className="App__bg"
        src="taxi-design.svg"
      />
      <div
        className="weather"
      >
        <h1
          className="weather__h1"
        >
          Hello Sunshine!
        </h1>
        <h2
          className="weather__title"
        >
          Can you please tell me the weather in Germany?
        </h2>
        <WeatherFrom
          name="main-form"
        >
          <div>
            <form
              className="weather-form"
            >
              <label
                className="weather-form__label"
                htmlFor="main-form"
              >
                Please enter a city
              </label>
              <input
                className="weather-form__input"
                id="main-form"
                onChange={[Function]}
                type="text"
              />
              <button
                className="weather-form__submit"
                onClick={[Function]}
              >
                Have a look
              </button>
            </form>
          </div>
        </WeatherFrom>
        <WeatherList>
          <div />
        </WeatherList>
      </div>
    </div>
  </App>
</Provider>
`;
